// Jest Snapshot v1, https://goo.gl/fbAQLP

exports[`MultiselectCheckbox displays an empty select label with nothing selected but options 1`] = `
<div
  className="form-row mb-2 iptt-react-select-row"
>
  <label
    className="col-form-label text-uppercase"
    htmlFor="multiselect1"
  >
    label
  </label>
  <div
    style={
      Object {
        "position": "relative",
      }
    }
  >
    <button
      className="css-1r4vtzz"
      onClick={[Function]}
      type="button"
    >
      <span
        className="css-1v99tuv"
      >
        empty label
      </span>
      <span
        className="css-1gpjby2"
      >
        <svg
          focusable="false"
          height="24"
          role="presentation"
          style={
            Object {
              "marginRight": -6,
            }
          }
          viewBox="0 0 24 24"
          width="24"
        >
          <path
            d="M8.292 10.293a1.009 1.009 0 0 0 0 1.419l2.939 2.965c.218.215.5.322.779.322s.556-.107.769-.322l2.93-2.955a1.01 1.01 0 0 0 0-1.419.987.987 0 0 0-1.406 0l-2.298 2.317-2.307-2.327a.99.99 0 0 0-1.406 0z"
            fill="currentColor"
            fillRule="evenodd"
          />
        </svg>
      </span>
    </button>
  </div>
</div>
`;
